// Jest Snapshot v1, https://goo.gl/fbAQLP

exports[`AutoComplete Component should match snapshot 1`] = `
<div
  className="autocomplete"
>
  <input
    className="autocomplete-input"
    onChange={[Function]}
    onKeyDown={[Function]}
    placeholder="Search for lorem"
    type="text"
    value=""
  />
</div>
`;
